cpu_threads=12 cpu_interop_threads=2
Training slot classifier on 497856 train samples and 32000 validation samples.
settings base_model=C:\Users\vadim\Desktop\элина\models\pklot_slot_classifier.pt batch=256 workers=0 epochs=1 device=cpu freeze_features=False
train_progress batch=10/1945 loss=0.0835 acc=0.9672 elapsed=48.3s eta=9354.2s
train_progress batch=20/1945 loss=0.0821 acc=0.9691 elapsed=95.9s eta=9225.9s
train_progress batch=30/1945 loss=0.0806 acc=0.9701 elapsed=143.5s eta=9161.1s
train_progress batch=40/1945 loss=0.0830 acc=0.9690 elapsed=191.8s eta=9135.8s
train_progress batch=50/1945 loss=0.0809 acc=0.9696 elapsed=240.1s eta=9101.6s
train_progress batch=60/1945 loss=0.0787 acc=0.9706 elapsed=287.3s eta=9026.7s
train_progress batch=70/1945 loss=0.0788 acc=0.9706 elapsed=333.4s eta=8929.8s
train_progress batch=80/1945 loss=0.0785 acc=0.9706 elapsed=379.7s eta=8852.4s
train_progress batch=90/1945 loss=0.0774 acc=0.9710 elapsed=425.4s eta=8769.0s
train_progress batch=100/1945 loss=0.0774 acc=0.9708 elapsed=471.5s eta=8699.8s
train_progress batch=110/1945 loss=0.0781 acc=0.9706 elapsed=517.4s eta=8630.8s
train_progress batch=120/1945 loss=0.0766 acc=0.9715 elapsed=561.6s eta=8541.7s
train_progress batch=130/1945 loss=0.0773 acc=0.9714 elapsed=605.9s eta=8459.5s
train_progress batch=140/1945 loss=0.0771 acc=0.9716 elapsed=650.8s eta=8391.1s
train_progress batch=150/1945 loss=0.0766 acc=0.9718 elapsed=695.6s eta=8323.4s
train_progress batch=160/1945 loss=0.0763 acc=0.9718 elapsed=738.6s eta=8239.8s
train_progress batch=170/1945 loss=0.0755 acc=0.9722 elapsed=787.2s eta=8218.9s
train_progress batch=180/1945 loss=0.0747 acc=0.9724 elapsed=835.5s eta=8192.3s
train_progress batch=190/1945 loss=0.0742 acc=0.9727 elapsed=892.2s eta=8241.3s
train_progress batch=200/1945 loss=0.0738 acc=0.9726 elapsed=947.6s eta=8268.0s
train_progress batch=210/1945 loss=0.0733 acc=0.9726 elapsed=1006.2s eta=8313.0s
train_progress batch=220/1945 loss=0.0723 acc=0.9731 elapsed=1063.0s eta=8334.7s
train_progress batch=230/1945 loss=0.0722 acc=0.9730 elapsed=1121.4s eta=8361.4s
train_progress batch=240/1945 loss=0.0720 acc=0.9730 elapsed=1177.4s eta=8364.6s
train_progress batch=250/1945 loss=0.0717 acc=0.9731 elapsed=1235.9s eta=8379.5s
train_progress batch=260/1945 loss=0.0719 acc=0.9731 elapsed=1294.6s eta=8389.9s
train_progress batch=270/1945 loss=0.0720 acc=0.9729 elapsed=1359.4s eta=8433.3s
train_progress batch=280/1945 loss=0.0719 acc=0.9729 elapsed=1425.0s eta=8473.4s
train_progress batch=290/1945 loss=0.0716 acc=0.9730 elapsed=1486.2s eta=8481.4s
train_progress batch=300/1945 loss=0.0718 acc=0.9730 elapsed=1552.8s eta=8514.5s
train_progress batch=310/1945 loss=0.0713 acc=0.9732 elapsed=1610.6s eta=8494.8s
train_progress batch=320/1945 loss=0.0712 acc=0.9733 elapsed=1668.3s eta=8471.7s
train_progress batch=330/1945 loss=0.0709 acc=0.9733 elapsed=1723.8s eta=8436.0s
train_progress batch=340/1945 loss=0.0706 acc=0.9734 elapsed=1774.8s eta=8378.2s
train_progress batch=350/1945 loss=0.0708 acc=0.9734 elapsed=1839.5s eta=8383.0s
train_progress batch=360/1945 loss=0.0704 acc=0.9735 elapsed=1894.2s eta=8339.7s
train_progress batch=370/1945 loss=0.0703 acc=0.9735 elapsed=1948.5s eta=8294.2s
train_progress batch=380/1945 loss=0.0698 acc=0.9737 elapsed=2000.1s eta=8237.4s
train_progress batch=390/1945 loss=0.0698 acc=0.9738 elapsed=2050.1s eta=8174.3s
train_progress batch=400/1945 loss=0.0698 acc=0.9738 elapsed=2101.5s eta=8117.1s
train_progress batch=410/1945 loss=0.0695 acc=0.9739 elapsed=2153.6s eta=8062.9s
train_progress batch=420/1945 loss=0.0697 acc=0.9738 elapsed=2204.3s eta=8003.8s
train_progress batch=430/1945 loss=0.0696 acc=0.9738 elapsed=2254.2s eta=7942.3s
train_progress batch=440/1945 loss=0.0697 acc=0.9738 elapsed=2304.7s eta=7883.0s
train_progress batch=450/1945 loss=0.0696 acc=0.9739 elapsed=2353.5s eta=7818.9s
train_progress batch=460/1945 loss=0.0698 acc=0.9738 elapsed=2403.1s eta=7757.9s
train_progress batch=470/1945 loss=0.0697 acc=0.9739 elapsed=2459.0s eta=7717.0s
train_progress batch=480/1945 loss=0.0694 acc=0.9741 elapsed=2511.3s eta=7664.7s
train_progress batch=490/1945 loss=0.0693 acc=0.9741 elapsed=2562.0s eta=7607.5s
train_progress batch=500/1945 loss=0.0690 acc=0.9742 elapsed=2611.6s eta=7547.4s
train_progress batch=510/1945 loss=0.0688 acc=0.9742 elapsed=2660.2s eta=7485.1s
train_progress batch=520/1945 loss=0.0685 acc=0.9743 elapsed=2709.4s eta=7424.8s
train_progress batch=530/1945 loss=0.0683 acc=0.9743 elapsed=2758.6s eta=7364.8s
train_progress batch=540/1945 loss=0.0682 acc=0.9744 elapsed=2806.7s eta=7302.7s
train_progress batch=550/1945 loss=0.0679 acc=0.9745 elapsed=2854.4s eta=7239.8s
train_progress batch=560/1945 loss=0.0677 acc=0.9746 elapsed=2902.6s eta=7178.9s
train_progress batch=570/1945 loss=0.0676 acc=0.9746 elapsed=2950.7s eta=7117.8s
train_progress batch=580/1945 loss=0.0676 acc=0.9746 elapsed=2997.7s eta=7054.8s
train_progress batch=590/1945 loss=0.0674 acc=0.9746 elapsed=3045.4s eta=6994.0s
train_progress batch=600/1945 loss=0.0674 acc=0.9746 elapsed=3092.0s eta=6931.3s
train_progress batch=610/1945 loss=0.0673 acc=0.9747 elapsed=3138.2s eta=6868.0s
train_progress batch=620/1945 loss=0.0670 acc=0.9747 elapsed=3184.1s eta=6804.7s
train_progress batch=630/1945 loss=0.0669 acc=0.9748 elapsed=3229.7s eta=6741.4s
train_progress batch=640/1945 loss=0.0666 acc=0.9749 elapsed=3276.9s eta=6681.8s
train_progress batch=650/1945 loss=0.0665 acc=0.9749 elapsed=3326.5s eta=6627.5s
train_progress batch=660/1945 loss=0.0665 acc=0.9750 elapsed=3373.5s eta=6568.1s
train_progress batch=670/1945 loss=0.0664 acc=0.9751 elapsed=3419.2s eta=6506.7s
train_progress batch=680/1945 loss=0.0661 acc=0.9752 elapsed=3466.6s eta=6448.8s
train_progress batch=690/1945 loss=0.0660 acc=0.9752 elapsed=3512.9s eta=6389.5s
train_progress batch=700/1945 loss=0.0659 acc=0.9752 elapsed=3559.8s eta=6331.3s
train_progress batch=710/1945 loss=0.0657 acc=0.9752 elapsed=3606.6s eta=6273.5s
train_progress batch=720/1945 loss=0.0656 acc=0.9753 elapsed=3653.6s eta=6216.1s
train_progress batch=730/1945 loss=0.0655 acc=0.9753 elapsed=3699.1s eta=6156.7s
train_progress batch=740/1945 loss=0.0653 acc=0.9754 elapsed=3746.3s eta=6100.4s
train_progress batch=750/1945 loss=0.0652 acc=0.9755 elapsed=3792.3s eta=6042.4s
train_progress batch=760/1945 loss=0.0651 acc=0.9755 elapsed=3838.3s eta=5984.7s
train_progress batch=770/1945 loss=0.0650 acc=0.9756 elapsed=3884.3s eta=5927.4s
train_progress batch=780/1945 loss=0.0650 acc=0.9756 elapsed=3931.0s eta=5871.3s
train_progress batch=790/1945 loss=0.0649 acc=0.9757 elapsed=3977.2s eta=5814.8s
train_progress batch=800/1945 loss=0.0648 acc=0.9757 elapsed=4022.7s eta=5757.5s
train_progress batch=810/1945 loss=0.0646 acc=0.9758 elapsed=4069.7s eta=5702.6s
train_progress batch=820/1945 loss=0.0646 acc=0.9757 elapsed=4115.6s eta=5646.4s
train_progress batch=830/1945 loss=0.0646 acc=0.9758 elapsed=4160.2s eta=5588.6s
train_progress batch=840/1945 loss=0.0645 acc=0.9758 elapsed=4206.8s eta=5534.0s
train_progress batch=850/1945 loss=0.0644 acc=0.9758 elapsed=4251.2s eta=5476.6s
train_progress batch=860/1945 loss=0.0644 acc=0.9759 elapsed=4297.0s eta=5421.2s
train_progress batch=870/1945 loss=0.0642 acc=0.9759 elapsed=4342.3s eta=5365.5s
train_progress batch=880/1945 loss=0.0641 acc=0.9760 elapsed=4388.5s eta=5311.1s
train_progress batch=890/1945 loss=0.0640 acc=0.9760 elapsed=4434.0s eta=5256.1s
train_progress batch=900/1945 loss=0.0640 acc=0.9760 elapsed=4479.2s eta=5200.8s
train_progress batch=910/1945 loss=0.0640 acc=0.9760 elapsed=4526.5s eta=5148.3s
train_progress batch=920/1945 loss=0.0639 acc=0.9761 elapsed=4572.1s eta=5093.9s
train_progress batch=930/1945 loss=0.0638 acc=0.9761 elapsed=4617.3s eta=5039.4s
train_progress batch=940/1945 loss=0.0637 acc=0.9761 elapsed=4662.7s eta=4985.1s
train_progress batch=950/1945 loss=0.0636 acc=0.9762 elapsed=4707.9s eta=4930.9s
train_progress batch=960/1945 loss=0.0636 acc=0.9762 elapsed=4753.1s eta=4876.9s
train_progress batch=970/1945 loss=0.0635 acc=0.9762 elapsed=4798.4s eta=4823.2s
train_progress batch=980/1945 loss=0.0634 acc=0.9763 elapsed=4844.1s eta=4769.9s
train_progress batch=990/1945 loss=0.0633 acc=0.9763 elapsed=4890.1s eta=4717.2s
train_progress batch=1000/1945 loss=0.0632 acc=0.9763 elapsed=4935.6s eta=4664.1s
train_progress batch=1010/1945 loss=0.0631 acc=0.9763 elapsed=4980.9s eta=4611.0s
train_progress batch=1020/1945 loss=0.0630 acc=0.9764 elapsed=5027.0s eta=4558.8s
train_progress batch=1030/1945 loss=0.0629 acc=0.9764 elapsed=5072.7s eta=4506.3s
train_progress batch=1040/1945 loss=0.0628 acc=0.9765 elapsed=5118.7s eta=4454.3s
train_progress batch=1050/1945 loss=0.0626 acc=0.9765 elapsed=5164.5s eta=4402.1s
train_progress batch=1060/1945 loss=0.0626 acc=0.9766 elapsed=5209.9s eta=4349.8s
train_progress batch=1070/1945 loss=0.0625 acc=0.9766 elapsed=5255.5s eta=4297.7s
train_progress batch=1080/1945 loss=0.0624 acc=0.9766 elapsed=5314.4s eta=4256.5s
train_progress batch=1090/1945 loss=0.0623 acc=0.9766 elapsed=5395.4s eta=4232.2s
train_progress batch=1100/1945 loss=0.0622 acc=0.9767 elapsed=5477.2s eta=4207.5s
train_progress batch=1110/1945 loss=0.0622 acc=0.9767 elapsed=5560.0s eta=4182.5s
train_progress batch=1120/1945 loss=0.0621 acc=0.9767 elapsed=5643.6s eta=4157.1s
train_progress batch=1130/1945 loss=0.0621 acc=0.9768 elapsed=5729.2s eta=4132.1s
train_progress batch=1140/1945 loss=0.0620 acc=0.9768 elapsed=5813.6s eta=4105.2s
train_progress batch=1150/1945 loss=0.0619 acc=0.9768 elapsed=5901.2s eta=4079.5s
train_progress batch=1160/1945 loss=0.0618 acc=0.9769 elapsed=5985.6s eta=4050.6s
train_progress batch=1170/1945 loss=0.0618 acc=0.9769 elapsed=6071.0s eta=4021.4s
train_progress batch=1180/1945 loss=0.0618 acc=0.9769 elapsed=6157.1s eta=3991.7s
train_progress batch=1190/1945 loss=0.0617 acc=0.9769 elapsed=6242.3s eta=3960.5s
train_progress batch=1200/1945 loss=0.0616 acc=0.9770 elapsed=6328.3s eta=3928.8s
train_progress batch=1210/1945 loss=0.0615 acc=0.9770 elapsed=6413.6s eta=3895.9s
train_progress batch=1220/1945 loss=0.0614 acc=0.9770 elapsed=6499.2s eta=3862.2s
train_progress batch=1230/1945 loss=0.0613 acc=0.9771 elapsed=6583.6s eta=3827.1s
train_progress batch=1240/1945 loss=0.0613 acc=0.9771 elapsed=6667.9s eta=3791.0s
train_progress batch=1250/1945 loss=0.0611 acc=0.9771 elapsed=6752.4s eta=3754.3s
train_progress batch=1260/1945 loss=0.0610 acc=0.9772 elapsed=6836.9s eta=3716.9s
train_progress batch=1270/1945 loss=0.0609 acc=0.9773 elapsed=6921.3s eta=3678.6s
train_progress batch=1280/1945 loss=0.0607 acc=0.9773 elapsed=7006.0s eta=3639.8s
train_progress batch=1290/1945 loss=0.0606 acc=0.9774 elapsed=7089.9s eta=3599.9s
train_progress batch=1300/1945 loss=0.0605 acc=0.9774 elapsed=7169.7s eta=3557.3s
train_progress batch=1310/1945 loss=0.0604 acc=0.9775 elapsed=7250.3s eta=3514.4s
train_progress batch=1320/1945 loss=0.0603 acc=0.9775 elapsed=7335.1s eta=3473.1s
train_progress batch=1330/1945 loss=0.0603 acc=0.9775 elapsed=7419.6s eta=3430.9s
train_progress batch=1340/1945 loss=0.0601 acc=0.9776 elapsed=7504.7s eta=3388.3s
train_progress batch=1350/1945 loss=0.0600 acc=0.9776 elapsed=7589.9s eta=3345.2s
train_progress batch=1360/1945 loss=0.0600 acc=0.9777 elapsed=7675.8s eta=3301.7s
train_progress batch=1370/1945 loss=0.0599 acc=0.9777 elapsed=7760.0s eta=3256.9s
train_progress batch=1380/1945 loss=0.0598 acc=0.9777 elapsed=7844.3s eta=3211.6s
train_progress batch=1390/1945 loss=0.0597 acc=0.9778 elapsed=7929.3s eta=3166.0s
train_progress batch=1400/1945 loss=0.0596 acc=0.9778 elapsed=8013.5s eta=3119.5s
train_progress batch=1410/1945 loss=0.0596 acc=0.9778 elapsed=8097.9s eta=3072.6s
train_progress batch=1420/1945 loss=0.0596 acc=0.9779 elapsed=8182.9s eta=3025.4s
train_progress batch=1430/1945 loss=0.0595 acc=0.9779 elapsed=8268.5s eta=2977.8s
train_progress batch=1440/1945 loss=0.0595 acc=0.9779 elapsed=8353.5s eta=2929.5s
train_progress batch=1450/1945 loss=0.0594 acc=0.9779 elapsed=8438.9s eta=2880.9s
train_progress batch=1460/1945 loss=0.0594 acc=0.9779 elapsed=8524.0s eta=2831.6s
train_progress batch=1470/1945 loss=0.0592 acc=0.9780 elapsed=8611.4s eta=2782.6s
train_progress batch=1480/1945 loss=0.0591 acc=0.9780 elapsed=8695.3s eta=2732.0s
train_progress batch=1490/1945 loss=0.0590 acc=0.9781 elapsed=8780.4s eta=2681.3s
train_progress batch=1500/1945 loss=0.0589 acc=0.9781 elapsed=8864.3s eta=2629.7s
train_progress batch=1510/1945 loss=0.0588 acc=0.9781 elapsed=8950.9s eta=2578.6s
train_progress batch=1520/1945 loss=0.0588 acc=0.9782 elapsed=9036.3s eta=2526.6s
train_progress batch=1530/1945 loss=0.0587 acc=0.9782 elapsed=9120.4s eta=2473.8s
train_progress batch=1540/1945 loss=0.0586 acc=0.9782 elapsed=9205.3s eta=2420.9s
train_progress batch=1550/1945 loss=0.0586 acc=0.9782 elapsed=9290.7s eta=2367.6s
train_progress batch=1560/1945 loss=0.0585 acc=0.9783 elapsed=9371.6s eta=2312.9s
train_progress batch=1570/1945 loss=0.0584 acc=0.9783 elapsed=9452.9s eta=2257.8s
train_progress batch=1580/1945 loss=0.0584 acc=0.9783 elapsed=9534.5s eta=2202.6s
train_progress batch=1590/1945 loss=0.0583 acc=0.9783 elapsed=9614.3s eta=2146.6s
train_progress batch=1600/1945 loss=0.0582 acc=0.9784 elapsed=9699.9s eta=2091.5s
train_progress batch=1610/1945 loss=0.0581 acc=0.9784 elapsed=9785.0s eta=2036.0s
train_progress batch=1620/1945 loss=0.0581 acc=0.9784 elapsed=9872.3s eta=1980.6s
train_progress batch=1630/1945 loss=0.0580 acc=0.9785 elapsed=9958.2s eta=1924.4s
train_progress batch=1640/1945 loss=0.0579 acc=0.9785 elapsed=10045.2s eta=1868.2s
train_progress batch=1650/1945 loss=0.0578 acc=0.9785 elapsed=10130.6s eta=1811.2s
train_progress batch=1660/1945 loss=0.0578 acc=0.9786 elapsed=10216.1s eta=1754.0s
train_progress batch=1670/1945 loss=0.0577 acc=0.9786 elapsed=10301.5s eta=1696.4s
train_progress batch=1680/1945 loss=0.0576 acc=0.9786 elapsed=10387.1s eta=1638.4s
train_progress batch=1690/1945 loss=0.0576 acc=0.9786 elapsed=10471.8s eta=1580.1s
train_progress batch=1700/1945 loss=0.0575 acc=0.9787 elapsed=10554.6s eta=1521.1s
train_progress batch=1710/1945 loss=0.0574 acc=0.9787 elapsed=10636.3s eta=1461.7s
train_progress batch=1720/1945 loss=0.0572 acc=0.9788 elapsed=10717.1s eta=1401.9s
train_progress batch=1730/1945 loss=0.0571 acc=0.9788 elapsed=10803.2s eta=1342.6s
train_progress batch=1740/1945 loss=0.0571 acc=0.9789 elapsed=10888.0s eta=1282.8s
train_progress batch=1750/1945 loss=0.0570 acc=0.9789 elapsed=10973.6s eta=1222.8s
train_progress batch=1760/1945 loss=0.0570 acc=0.9789 elapsed=11060.0s eta=1162.6s
train_progress batch=1770/1945 loss=0.0569 acc=0.9789 elapsed=11145.3s eta=1101.9s
train_progress batch=1780/1945 loss=0.0569 acc=0.9789 elapsed=11231.5s eta=1041.1s
train_progress batch=1790/1945 loss=0.0568 acc=0.9790 elapsed=11317.1s eta=980.0s
train_progress batch=1800/1945 loss=0.0567 acc=0.9790 elapsed=11399.1s eta=918.3s
train_progress batch=1810/1945 loss=0.0566 acc=0.9790 elapsed=11478.9s eta=856.2s
train_progress batch=1820/1945 loss=0.0565 acc=0.9791 elapsed=11559.2s eta=793.9s
train_progress batch=1830/1945 loss=0.0564 acc=0.9791 elapsed=11642.4s eta=731.6s
train_progress batch=1840/1945 loss=0.0564 acc=0.9791 elapsed=11727.8s eta=669.2s
train_progress batch=1850/1945 loss=0.0563 acc=0.9792 elapsed=11812.1s eta=606.6s
train_progress batch=1860/1945 loss=0.0562 acc=0.9792 elapsed=11895.9s eta=543.6s
train_progress batch=1870/1945 loss=0.0562 acc=0.9792 elapsed=11975.7s eta=480.3s
train_progress batch=1880/1945 loss=0.0561 acc=0.9792 elapsed=12057.1s eta=416.9s
train_progress batch=1890/1945 loss=0.0560 acc=0.9793 elapsed=12137.7s eta=353.2s
train_progress batch=1900/1945 loss=0.0559 acc=0.9793 elapsed=12221.9s eta=289.5s
train_progress batch=1910/1945 loss=0.0559 acc=0.9793 elapsed=12305.3s eta=225.5s
train_progress batch=1920/1945 loss=0.0558 acc=0.9794 elapsed=12391.9s eta=161.4s
train_progress batch=1930/1945 loss=0.0556 acc=0.9794 elapsed=12479.2s eta=97.0s
train_progress batch=1940/1945 loss=0.0556 acc=0.9794 elapsed=12566.4s eta=32.4s
valid_progress batch=10/125 loss=0.0420 acc=0.9820 elapsed=58.0s eta=667.1s
valid_progress batch=20/125 loss=0.0378 acc=0.9850 elapsed=105.3s eta=553.1s
valid_progress batch=30/125 loss=0.0436 acc=0.9841 elapsed=149.9s eta=474.6s
valid_progress batch=40/125 loss=0.0436 acc=0.9845 elapsed=193.7s eta=411.5s
valid_progress batch=50/125 loss=0.0420 acc=0.9852 elapsed=235.8s eta=353.7s
valid_progress batch=60/125 loss=0.0427 acc=0.9851 elapsed=276.8s eta=299.9s
valid_progress batch=70/125 loss=0.0422 acc=0.9853 elapsed=319.1s eta=250.7s
valid_progress batch=80/125 loss=0.0433 acc=0.9851 elapsed=359.6s eta=202.3s
valid_progress batch=90/125 loss=0.0436 acc=0.9852 elapsed=399.6s eta=155.4s
valid_progress batch=100/125 loss=0.0432 acc=0.9851 elapsed=440.2s eta=110.0s
valid_progress batch=110/125 loss=0.0428 acc=0.9853 elapsed=481.1s eta=65.6s
valid_progress batch=120/125 loss=0.0426 acc=0.9853 elapsed=522.0s eta=21.7s
epoch=1 train_loss=0.0555 train_acc=0.9795 val_loss=0.0427 val_acc=0.9852 time=13150.7s
test_loss=0.0397 test_acc=0.9872
Saved slot classifier to C:\Users\vadim\Desktop\элина\models\pklot_slot_classifier_full_cpu_stage2_workers0.pt (best_val_acc=0.9852, total_time=13780.6s)
