cpu_threads=12 cpu_interop_threads=2
Training slot classifier on 497856 train samples and 16000 validation samples.
settings base_model=C:\Users\vadim\Desktop\элина\models\pklot_slot_classifier.pt batch=256 workers=4 epochs=1 device=cpu freeze_features=True
train_progress batch=25/1945 loss=0.1829 acc=0.9417 elapsed=45.1s eta=3463.1s
train_progress batch=50/1945 loss=0.1660 acc=0.9470 elapsed=74.1s eta=2808.4s
train_progress batch=75/1945 loss=0.1563 acc=0.9493 elapsed=103.2s eta=2573.8s
train_progress batch=100/1945 loss=0.1524 acc=0.9504 elapsed=131.6s eta=2428.8s
train_progress batch=125/1945 loss=0.1499 acc=0.9506 elapsed=160.8s eta=2341.3s
train_progress batch=150/1945 loss=0.1456 acc=0.9518 elapsed=189.6s eta=2269.0s
train_progress batch=175/1945 loss=0.1435 acc=0.9524 elapsed=217.4s eta=2198.9s
train_progress batch=200/1945 loss=0.1419 acc=0.9529 elapsed=245.6s eta=2142.8s
train_progress batch=225/1945 loss=0.1397 acc=0.9533 elapsed=273.4s eta=2090.0s
train_progress batch=250/1945 loss=0.1382 acc=0.9537 elapsed=300.9s eta=2040.4s
train_progress batch=275/1945 loss=0.1374 acc=0.9538 elapsed=328.1s eta=1992.4s
train_progress batch=300/1945 loss=0.1361 acc=0.9543 elapsed=356.4s eta=1954.3s
train_progress batch=325/1945 loss=0.1342 acc=0.9549 elapsed=385.5s eta=1921.5s
train_progress batch=350/1945 loss=0.1334 acc=0.9548 elapsed=413.0s eta=1882.1s
train_progress batch=375/1945 loss=0.1325 acc=0.9550 elapsed=440.8s eta=1845.6s
train_progress batch=400/1945 loss=0.1316 acc=0.9552 elapsed=468.4s eta=1809.3s
train_progress batch=425/1945 loss=0.1312 acc=0.9552 elapsed=495.2s eta=1771.1s
train_progress batch=450/1945 loss=0.1301 acc=0.9555 elapsed=522.4s eta=1735.5s
train_progress batch=475/1945 loss=0.1299 acc=0.9556 elapsed=550.4s eta=1703.3s
train_progress batch=500/1945 loss=0.1288 acc=0.9559 elapsed=577.0s eta=1667.7s
train_progress batch=525/1945 loss=0.1278 acc=0.9561 elapsed=604.4s eta=1634.7s
train_progress batch=550/1945 loss=0.1266 acc=0.9566 elapsed=631.3s eta=1601.2s
train_progress batch=575/1945 loss=0.1257 acc=0.9568 elapsed=658.5s eta=1569.0s
train_progress batch=600/1945 loss=0.1247 acc=0.9571 elapsed=687.2s eta=1540.4s
train_progress batch=625/1945 loss=0.1238 acc=0.9574 elapsed=715.6s eta=1511.4s
train_progress batch=650/1945 loss=0.1228 acc=0.9577 elapsed=742.7s eta=1479.6s
train_progress batch=675/1945 loss=0.1222 acc=0.9579 elapsed=771.6s eta=1451.8s
train_progress batch=700/1945 loss=0.1218 acc=0.9581 elapsed=800.6s eta=1424.0s
train_progress batch=725/1945 loss=0.1210 acc=0.9583 elapsed=829.8s eta=1396.3s
train_progress batch=750/1945 loss=0.1203 acc=0.9586 elapsed=858.1s eta=1367.2s
train_progress batch=775/1945 loss=0.1200 acc=0.9587 elapsed=884.8s eta=1335.7s
train_progress batch=800/1945 loss=0.1196 acc=0.9588 elapsed=912.7s eta=1306.3s
train_progress batch=825/1945 loss=0.1195 acc=0.9588 elapsed=942.0s eta=1278.9s
train_progress batch=850/1945 loss=0.1190 acc=0.9589 elapsed=971.9s eta=1252.1s
train_progress batch=875/1945 loss=0.1186 acc=0.9589 elapsed=999.9s eta=1222.7s
train_progress batch=900/1945 loss=0.1180 acc=0.9591 elapsed=1029.3s eta=1195.2s
train_progress batch=925/1945 loss=0.1178 acc=0.9592 elapsed=1059.1s eta=1167.8s
train_progress batch=950/1945 loss=0.1173 acc=0.9594 elapsed=1087.3s eta=1138.8s
train_progress batch=975/1945 loss=0.1170 acc=0.9595 elapsed=1113.7s eta=1108.0s
train_progress batch=1000/1945 loss=0.1166 acc=0.9596 elapsed=1140.7s eta=1077.9s
train_progress batch=1025/1945 loss=0.1163 acc=0.9597 elapsed=1169.4s eta=1049.6s
train_progress batch=1050/1945 loss=0.1160 acc=0.9597 elapsed=1196.0s eta=1019.5s
train_progress batch=1075/1945 loss=0.1157 acc=0.9598 elapsed=1222.8s eta=989.6s
train_progress batch=1100/1945 loss=0.1153 acc=0.9598 elapsed=1249.7s eta=960.0s
train_progress batch=1125/1945 loss=0.1149 acc=0.9600 elapsed=1279.5s eta=932.6s
train_progress batch=1150/1945 loss=0.1148 acc=0.9600 elapsed=1307.1s eta=903.6s
train_progress batch=1175/1945 loss=0.1145 acc=0.9600 elapsed=1334.9s eta=874.8s
train_progress batch=1200/1945 loss=0.1143 acc=0.9600 elapsed=1363.6s eta=846.5s
train_progress batch=1225/1945 loss=0.1141 acc=0.9600 elapsed=1390.3s eta=817.2s
train_progress batch=1250/1945 loss=0.1137 acc=0.9600 elapsed=1417.7s eta=788.3s
train_progress batch=1275/1945 loss=0.1135 acc=0.9601 elapsed=1444.9s eta=759.3s
train_progress batch=1300/1945 loss=0.1133 acc=0.9602 elapsed=1470.9s eta=729.8s
train_progress batch=1325/1945 loss=0.1129 acc=0.9603 elapsed=1497.5s eta=700.7s
train_progress batch=1350/1945 loss=0.1126 acc=0.9604 elapsed=1524.7s eta=672.0s
train_progress batch=1375/1945 loss=0.1124 acc=0.9604 elapsed=1551.0s eta=642.9s
train_progress batch=1400/1945 loss=0.1120 acc=0.9605 elapsed=1578.5s eta=614.5s
train_progress batch=1425/1945 loss=0.1118 acc=0.9606 elapsed=1606.4s eta=586.2s
train_progress batch=1450/1945 loss=0.1116 acc=0.9606 elapsed=1633.2s eta=557.6s
train_progress batch=1475/1945 loss=0.1112 acc=0.9608 elapsed=1659.9s eta=528.9s
train_progress batch=1500/1945 loss=0.1109 acc=0.9609 elapsed=1687.3s eta=500.6s
train_progress batch=1525/1945 loss=0.1107 acc=0.9610 elapsed=1715.4s eta=472.4s
train_progress batch=1550/1945 loss=0.1105 acc=0.9610 elapsed=1741.3s eta=443.7s
train_progress batch=1575/1945 loss=0.1102 acc=0.9610 elapsed=1769.3s eta=415.7s
train_progress batch=1600/1945 loss=0.1100 acc=0.9611 elapsed=1795.5s eta=387.2s
train_progress batch=1625/1945 loss=0.1097 acc=0.9612 elapsed=1823.1s eta=359.0s
train_progress batch=1650/1945 loss=0.1096 acc=0.9612 elapsed=1851.5s eta=331.0s
train_progress batch=1675/1945 loss=0.1094 acc=0.9613 elapsed=1880.2s eta=303.1s
train_progress batch=1700/1945 loss=0.1092 acc=0.9613 elapsed=1907.6s eta=274.9s
train_progress batch=1725/1945 loss=0.1088 acc=0.9615 elapsed=1934.3s eta=246.7s
train_progress batch=1750/1945 loss=0.1087 acc=0.9615 elapsed=1963.3s eta=218.8s
train_progress batch=1775/1945 loss=0.1085 acc=0.9616 elapsed=1990.7s eta=190.7s
train_progress batch=1800/1945 loss=0.1083 acc=0.9616 elapsed=2017.9s eta=162.6s
train_progress batch=1825/1945 loss=0.1080 acc=0.9618 elapsed=2045.3s eta=134.5s
train_progress batch=1850/1945 loss=0.1077 acc=0.9618 elapsed=2071.5s eta=106.4s
train_progress batch=1875/1945 loss=0.1076 acc=0.9618 elapsed=2097.5s eta=78.3s
train_progress batch=1900/1945 loss=0.1074 acc=0.9619 elapsed=2123.7s eta=50.3s
train_progress batch=1925/1945 loss=0.1071 acc=0.9620 elapsed=2151.7s eta=22.4s
valid_progress batch=25/63 loss=0.0864 acc=0.9675 elapsed=34.6s eta=52.5s
valid_progress batch=50/63 loss=0.0838 acc=0.9700 elapsed=55.3s eta=14.4s
epoch=1 train_loss=0.1069 train_acc=0.9620 val_loss=0.0847 val_acc=0.9708 time=2235.4s
test_loss=0.0870 test_acc=0.9692
Saved slot classifier to C:\Users\vadim\Desktop\элина\models\pklot_slot_classifier_full_cpu.pt (best_val_acc=0.9708, total_time=2302.2s)
